// Jest Snapshot v1, https://goo.gl/fbAQLP

exports[`<IndexView /> should match snapchat 1`] = `
<Fragment>
  <LeadsSection />
  <ProspectorsSection />
</Fragment>
`;
