// Jest Snapshot v1, https://goo.gl/fbAQLP

exports[`<Container /> should match snapchat 1`] = `
<div
  className="sc-bdnylx cNGQIZ"
/>
`;
