// Jest Snapshot v1, https://goo.gl/fbAQLP

exports[`<Redirect404 /> should match snapchat 1`] = `
<Redirect
  to="/"
/>
`;
